// Jest Snapshot v1, https://goo.gl/fbAQLP

exports[`should render NotFoundPage correctly 1`] = `
<div>
  ups! 404! 
  <Link
    to="/"
  >
    Go to Home
  </Link>
</div>
`;
